16:13:52 **** Incremental Build of configuration Debug for project tim_interrupt ****
make -j8 all 
arm-none-eabi-gcc "../Core/Src/main.c" -mcpu=cortex-m4 -std=gnu11 -g3 -DDEBUG -DUSE_HAL_DRIVER -DSTM32F446xx -c -I../Core/Inc -I../Drivers/STM32F4xx_HAL_Driver/Inc -I../Drivers/STM32F4xx_HAL_Driver/Inc/Legacy -I../Drivers/CMSIS/Device/ST/STM32F4xx/Include -I../Drivers/CMSIS/Include -O0 -ffunction-sections -fdata-sections -Wall -fstack-usage -fcyclomatic-complexity -MMD -MP -MF"Core/Src/main.d" -MT"Core/Src/main.o" --specs=nano.specs -mfpu=fpv4-sp-d16 -mfloat-abi=hard -mthumb -o "Core/Src/main.o"
arm-none-eabi-gcc -o "tim_interrupt.elf" @"objects.list"   -mcpu=cortex-m4 -T"D:\Projects\tim_interrupt\STM32F446RETX_FLASH.ld" --specs=nosys.specs -Wl,-Map="tim_interrupt.map" -Wl,--gc-sections -static --specs=nano.specs -mfpu=fpv4-sp-d16 -mfloat-abi=hard -mthumb -Wl,--start-group -lc -lm -Wl,--end-group
Finished building target: tim_interrupt.elf
 
arm-none-eabi-size  tim_interrupt.elf 
arm-none-eabi-objdump -h -S tim_interrupt.elf  > "tim_interrupt.list"
   text	   data	    bss	    dec	    hex	filename
  11544	     12	   1788	  13344	   3420	tim_interrupt.elf
Finished building: default.size.stdout
 
Finished building: tim_interrupt.list
 

16:13:53 Build Finished. 0 errors, 0 warnings. (took 989ms)

